// Jest Snapshot v1, https://goo.gl/fbAQLP

exports[`renders correctly 1`] = `
<div>
  <h3>
    Carrier
  </h3>
</div>
`;
