// Jest Snapshot v1, https://goo.gl/fbAQLP

exports[`renders correctly 1`] = `
<td
  className="square square-unselected square-undefined"
  disabled={true}
  id="square-undefined"
  onClick={[Function]}
/>
`;
